// Vitest Snapshot v1, https://vitest.dev/guide/snapshot.html

exports[`bank content snapshot (guards against accidental template drift) > freezes rendered content for a fixed sample of templates x seeds x difficulties 1`] = `
[
  {
    "content": {
      "options": [
        "id",
        "active",
        "priority",
        "retries",
        "status",
      ],
      "prompt": "להלן שני אובייקטי JSON כמעט זהים. באיזה מפתח (key) הערך שונה בין השניים?

אובייקט A:
\`\`\`
{
  "priority": 2,
  "id": 3579,
  "status": "pending",
  "retries": 0,
  "active": true
}
\`\`\`

אובייקט B:
\`\`\`
{
  "priority": 2,
  "id": 3579,
  "status": "pending",
  "retries": 0,
  "active": false
}
\`\`\`",
    },
    "difficulty": 1,
    "id": "speed.json_diff",
  },
  {
    "content": {
      "options": [
        "126..187.120",
        "55.77.389.180",
        "82.93.204.93",
        "29.131.41",
      ],
      "prompt": "כתובת IPv4 תקינה היא ארבעה מספרים בטווח 0–255, מופרדים בנקודות (למשל 192.168.1.1).
איזו מהכתובות הבאות תקינה?",
    },
    "difficulty": 1,
    "id": "speed.ip_valid",
  },
  {
    "content": {
      "options": [
        "07:8",
        "23-00",
        "09:54",
        "8:44",
      ],
      "prompt": "מקרא: \`\\d\` = ספרה בודדת, \`+\` = אחד או יותר מהתו הקודם, \`{n}\` = בדיוק n פעמים, \`^\`/\`$\` = תחילת/סוף המחרוזת.

הביטוי הרגולרי: \`^\\d{2}:\\d{2}$\`
איזו מהמחרוזות הבאות תואמת את הביטוי במלואו?",
    },
    "difficulty": 1,
    "id": "speed.regex_match",
  },
  {
    "content": {
      "options": [
        "מושהה",
        "פעיל",
        "סגור",
        "בהמתנה",
      ],
      "prompt": "| id | סטטוס | עיר |
|---|---|---|
| 26 | פעיל | חולון |
| 25 | בהמתנה | רעננה |
| 13 | סגור | נתניה |
| 2 | מושהה | אשדוד |
| 31 | פעיל | אשדוד |
| 34 | מושהה | חולון |

מה הערך בעמודה "סטטוס" עבור id = 31?",
    },
    "difficulty": 1,
    "id": "speed.table_lookup",
  },
  {
    "content": {
      "options": [
        "3",
        "0",
        "1",
        "4",
      ],
      "prompt": "בכמה מהשורות הבאות מופיע \`INFO\` של השירות \`sync\`?

\`\`\`
12:00:02 ERROR export   quota exceeded order=88584
12:00:05 INFO  notifications rate limit order=88860
12:00:06 WARN  sync     retry scheduled order=88734
12:00:10 WARN  sync     retry scheduled order=88755
12:00:12 WARN  export   quota exceeded order=88837
12:00:15 WARN  export   export ok order=88465
12:00:20 ERROR notifications sent order=88056
12:00:21 ERROR notifications sent order=88462
\`\`\`",
    },
    "difficulty": 1,
    "id": "speed.count_matches",
  },
  {
    "content": {
      "options": [
        "/env/logs/logs/users.yaml",
        "/env/logs/logs",
        "/env/logs/users.yaml",
        "/env/logs/prod/./users.yaml",
      ],
      "prompt": "\`..\` פירושו "תיקייה אחת למעלה" ו-\`.\` פירושו "אותה תיקייה".
מה הנתיב המלא שמתקבל מ-\`/env/logs/prod/../logs/./logs/../users.yaml\`?",
    },
    "difficulty": 1,
    "id": "speed.path_resolve",
  },
  {
    "content": {
      "options": [
        "אמת",
        "שקר",
      ],
      "prompt": "מקרא: \`&&\` = וגם (and), \`||\` = או (or), \`!\` = לא (not).

נתון: A = אמת, B = שקר, C = אמת.
מה הערך של הביטוי \`!A || (B && C)\`?",
    },
    "difficulty": 1,
    "id": "speed.bool_logic",
  },
  {
    "content": {
      "options": [
        "[18, 21, 13, 4, -3]",
        "[13, 16, 24, 31, 39]",
        "[16, 28, 26, 24, 25]",
        "[13, 19, 12, 10, 6]",
      ],
      "prompt": "איזו מהרשימות הבאות ממוינת בסדר עולה (מהקטן לגדול)?",
    },
    "difficulty": 1,
    "id": "speed.sorted_which",
  },
  {
    "content": {
      "options": [
        "גרם",
        "קילוגרם",
        "מיליגרם",
        "קיץ",
      ],
      "prompt": "שלושה מהפריטים הבאים שייכים לאותה קטגוריה, ואחד שונה. איזה?",
    },
    "difficulty": 1,
    "id": "speed.odd_one_out",
  },
  {
    "content": {
      "options": [
        "18:30",
        "16:30",
        "15:30",
        "17:30",
      ],
      "prompt": "בתקופה הנוכחית ההפרש בין UTC לשעון ישראל הוא 3 שעות (ישראל מוקדמת יותר).
השעה 13:30 UTC היא איזו שעה בישראל?",
    },
    "difficulty": 1,
    "id": "speed.timezone_shift",
  },
  {
    "content": {
      "options": [
        "+30%",
        "+5%",
        "+10%",
        "-10%",
      ],
      "prompt": "מ-430 ל-473, זה שינוי של כמה אחוזים?",
    },
    "difficulty": 1,
    "id": "speed.percent_change",
  },
  {
    "content": {
      "options": [
        "1000 מ"ש",
        "1250 מ"ש",
        "250 מ"ש",
        "750 מ"ש",
      ],
      "prompt": "ריצה "בטור" (serial): הזמנים מצטברים אחד אחרי השני. ריצה "במקביל" (parallel): הזמן הכולל הוא הזמן הארוך ביותר מביניהם, כי כולם רצים יחד.

4 שרתים, כל אחד לוקח 250 מ"ש (ms), רצים במקביל. מה הזמן הכולל?",
    },
    "difficulty": 1,
    "id": "speed.units_math",
  },
  {
    "content": {
      "options": [
        "לא מאוזן — נשבר במיקום 3",
        "לא מאוזן — נשבר במיקום 5",
        "מאוזן",
        "לא מאוזן — נשבר במיקום 4",
      ],
      "prompt": "האם רצף הסוגריים הבא מאוזן? אם לא, באיזה מיקום (מספר התו, מ-1) הוא נשבר?

\`([])([])\`",
    },
    "difficulty": 1,
    "id": "speed.bracket_balance",
  },
  {
    "content": {
      "options": [
        "3",
        "5",
        "2",
        "8",
      ],
      "prompt": "כמה ימים יש בין 14 במרץ לבין 19 במרץ (אותה שנה)?",
    },
    "difficulty": 1,
    "id": "speed.date_diff",
  },
  {
    "content": {
      "prompt": "לפניכם פונקציה "קופסה שחורה". אלה ארבע דוגמאות של קלט ופלט:

| קלט | פלט |
|---|---|
| \`[6, 6, 9]\` | \`[7, 7, 10]\` |
| \`[12, 10, 1]\` | \`[13, 11, 2]\` |
| \`[11, 2, 6]\` | \`[12, 3, 7]\` |
| \`[1, 12, 10]\` | \`[2, 13, 11]\` |

מה הפלט עבור הקלט \`[1, 10, 3]\`? (מספרים מופרדים בפסיק, למשל: 1, 2, 3)",
    },
    "difficulty": 1,
    "id": "reasoning.rule_induction",
  },
  {
    "content": {
      "prompt": "לפניכם רצף מספרים:

7, 9, 11, 13, 15, ?

מה המספר הבא ברצף?",
    },
    "difficulty": 1,
    "id": "reasoning.seq_numeric",
  },
  {
    "content": {
      "options": [
        "<svg viewBox="0 0 100 100" width="72" height="72" role="img" aria-label="square x3 מלא"><rect x="8" y="38" width="24" height="24" fill="#333333" stroke="#222" stroke-width="3"/><rect x="38" y="38" width="24" height="24" fill="#333333" stroke="#222" stroke-width="3"/><rect x="68" y="38" width="24" height="24" fill="#333333" stroke="#222" stroke-width="3"/></svg>",
        "<svg viewBox="0 0 100 100" width="72" height="72" role="img" aria-label="square x1 מלא"><rect x="38" y="38" width="24" height="24" fill="#333333" stroke="#222" stroke-width="3"/></svg>",
        "<svg viewBox="0 0 100 100" width="72" height="72" role="img" aria-label="circle x3 מלא"><circle cx="20" cy="50" r="12" fill="#333333" stroke="#222" stroke-width="3"/><circle cx="50" cy="50" r="12" fill="#333333" stroke="#222" stroke-width="3"/><circle cx="80" cy="50" r="12" fill="#333333" stroke="#222" stroke-width="3"/></svg>",
        "<svg viewBox="0 0 100 100" width="72" height="72" role="img" aria-label="triangle x3 מלא"><polygon points="20,36 6,62 34,62" fill="#333333" stroke="#222" stroke-width="3"/><polygon points="50,36 36,62 64,62" fill="#333333" stroke="#222" stroke-width="3"/><polygon points="80,36 66,62 94,62" fill="#333333" stroke="#222" stroke-width="3"/></svg>",
      ],
      "prompt": "לפניכם רשת 3x3 עם שני כללים: כל שורה משתמשת בצורה קבועה, וכל עמודה קובעת את מספר הצורות בתא. התא הימני-תחתון חסר.

מבנה הרשת (השורות מייצגות צורות שונות, העמודות כמות שונה):
[תא] [תא] [תא]
[תא] [תא] [תא]
[תא] [תא] [?]

בחרו את התא שמשלים את הרשת כך שכל שני הכללים מתקיימים.",
    },
    "difficulty": 1,
    "id": "reasoning.grid_pattern",
  },
  {
    "content": {
      "options": [
        "נועה · יוסי · שירה · אלון",
        "אלון · יוסי · נועה · שירה",
        "יוסי · שירה · אלון · נועה",
        "יוסי · אלון · נועה · שירה",
      ],
      "prompt": "4 אנשים (שירה, יוסי, נועה, אלון) יושבים בשורה של 4 מקומות, משמאל לימין. ידוע:
1. אלון לא יושב/ת בקצה (לא במקום הראשון ולא באחרון)
2. יוסי יושב/ת מיד משמאל לשירה
3. שירה יושב/ת לפני אלון (לא בהכרח מיד לפניו/ה)

איזה סידור ישיבה מתאים לכל התנאים?",
    },
    "difficulty": 1,
    "id": "reasoning.constraints_seating",
  },
  {
    "content": {
      "options": [
        "Blocked",
        "Open",
        "Done",
        "InProgress",
      ],
      "prompt": "Open --assign--> InProgress
InProgress --block--> Blocked
Blocked --unblock--> InProgress
InProgress --finish--> Done
Done --reopen--> Open

(כל אירוע שלא מצויר מהמצב הנוכחי מתעלמים ממנו)

משימה מתחילה במצב \`Open\`. מתרחשים לפי הסדר האירועים: assign, unblock, finish, finish.

באיזה מצב המשימה בסוף?",
    },
    "difficulty": 1,
    "id": "reasoning.state_machine",
  },
  {
    "content": {
      "options": [
        "יש בדיוק 6 כרטיסים שעונים על: עדיפות = 3.",
        "יש בדיוק 1 כרטיסים שעונים על: צוות = "מרכז".",
        "יש בדיוק 4 כרטיסים שעונים על: סטטוס = "סגור".",
        "יש בדיוק 7 כרטיסים שעונים על: סטטוס שונה מ-"סגור".",
      ],
      "prompt": "| id | צוות | סטטוס | עדיפות | שעות פתיחה |
|---|---|---|---|---|
| 1 | דרום | פתוח | 3 | 3 |
| 2 | שרון | פתוח | 2 | 53 |
| 3 | שרון | פתוח | 3 | 8 |
| 4 | דרום | סגור | 1 | 65 |
| 5 | מרכז | בטיפול | 3 | 32 |

איזה מהמשפטים הבאים חייב להיות נכון (must be true) לפי הטבלה בפועל?",
    },
    "difficulty": 1,
    "id": "reasoning.table_must_be_true",
  },
  {
    "content": {
      "items": [
        "ההרשאות הוגדרו",
        "החשבונית הראשונה הופקה",
        "המנוי הופעל",
        "כרטיס אשראי נוסף",
        "הגיבוי הראשון רץ",
      ],
      "prompt": "לפניכם 5 אירועים (לא בסדר הנכון) ורמזים חלקיים. שחזרו את הסדר הכרונולוגי הנכון.

רמזים:
1. "הגיבוי הראשון רץ" קרה לפני "כרטיס אשראי נוסף".
2. "כרטיס אשראי נוסף" קרה לפני "המנוי הופעל".
3. "המנוי הופעל" קרה לפני "ההרשאות הוגדרו".
4. "ההרשאות הוגדרו" קרה לפני "החשבונית הראשונה הופקה".",
    },
    "difficulty": 1,
    "id": "reasoning.ordering_clues",
  },
  {
    "content": {
      "prompt": "לפניכם כלל הצפנה (לא ידוע מראש) שמודגם בשתי דוגמאות:

"ספר" -> "סספפרר"
"נהר" -> "ננההרר"

לפי אותו הכלל, מה ההצפנה של "בית"?",
    },
    "difficulty": 1,
    "id": "reasoning.cipher_rule",
  },
  {
    "content": {
      "prompt": "עקבו אחר הפסאודו-קוד הבא וקבעו מה יודפס:

\`\`\`
total = 0
for i from 1 to 4:
    total = total + i
print(total)
\`\`\`",
    },
    "difficulty": 1,
    "id": "reasoning.pseudocode_trace",
  },
  {
    "content": {
      "prompt": "מתוך 37 מועמדים, 12 הם "עם ניסיון", 14 הם "מהאזור", ומתוכם 8 הם גם וגם. כמה מועמדים אינם לא זה ולא זה (neither)?",
    },
    "difficulty": 1,
    "id": "reasoning.set_counts",
  },
  {
    "content": {
      "options": [
        "אוכל",
        "דגים",
        "מוצר מוגמר",
        "להקשה",
      ],
      "prompt": "מברג שייך ל-להברגה באותו יחס ש-פטיש שייך ל-?",
    },
    "difficulty": 1,
    "id": "reasoning.analogy_structural",
  },
  {
    "content": {
      "prompt": "צריך לקנות בדיוק 13 יחידות של פריט מסוים. אפשר לקנות חבילה של 5 יחידות ב-40 ₪, או יחידה בודדת ב-11 ₪ (אפשר לקנות יותר מהצורך אם זה יוצא זול יותר). מה העלות המינימלית האפשרית?",
      "unit": "₪",
    },
    "difficulty": 1,
    "id": "reasoning.min_moves",
  },
  {
    "content": {
      "options": [
        "שיעור הפגיעה במטמון גרם לשגיאה",
        "יש בעיה בהרשאות של המשתמש",
        "הפריסה האחרונה (version 2.4.1) הכניסה שגיאת קוד בנתיב /orders",
      ],
      "prompt": "\`\`\`
05:12:01 INFO  deploy   version=2.4.1 rolled out
05:12:03 INFO  cache    hit_rate=0.88
05:12:05 ERROR api      500 Internal Server Error path=/orders
05:12:06 ERROR api      TypeError: cannot read property 'total' of undefined
05:12:07 ERROR api      500 Internal Server Error path=/orders
05:12:09 INFO  auth     login ok user=771
\`\`\`

מה הסיבה הסבירה ביותר לבעיה?",
    },
    "difficulty": 1,
    "id": "tech.log_root_cause",
  },
  {
    "content": {
      "options": [
        "לבקש מהספק מפתח API נוסף ולפצל את הבקשות",
        "להריץ את הסקריפט מחדש מיד, כנראה תקלה זמנית",
        "לכבד את Retry-After, להוסיף backoff, ולבדוק אם יש תהליך נוסף שצורך את אותה מכסה",
        "לעבור ל-polling תדיר יותר כדי לפצות על הבקשות שנכשלו",
      ],
      "prompt": "סקריפט סנכרון שרץ כל שעה מתחיל לקבל מה-API של ספק SaaS את התשובה:

\`\`\`
HTTP/1.1 429 Too Many Requests
{"error":"rate_limited","limit":"1000/hour","reset":"2026-09-04T15:00:00Z"}
\`\`\`

מתוך התיעוד של הספק: "קוד 429 מוחזר כשחשבון חרג ממכסת הבקשות. Retry-After הוא מספר השניות עד שאפשר לנסות שוב. המכסה משותפת לכל המפתחות של אותו חשבון."

מה הפעולה הנכונה?",
    },
    "difficulty": 1,
    "id": "tech.http_status_next",
  },
  {
    "content": {
      "options": [
        "עורך",
        "צופה",
        "מנהל",
      ],
      "prompt": "| תפקיד | לצפות בדוחות | לערוך טיוטה | לפרסם דוח סופי |
|---|---|---|---|
| צופה | ✔ | ✘ | ✘ |
| עורך | ✔ | ✔ | ✘ |
| מנהל | ✔ | ✔ | ✔ |

משימה: אדם בצוות צריך לפרסם דוח סופי ללקוח. איזה תפקיד הכי "קטן" (עם הכי מעט הרשאות) שעדיין מספיק כדי לבצע את המשימה?",
    },
    "difficulty": 1,
    "id": "tech.minimal_access",
  },
  {
    "content": {
      "options": [
        "5",
        "4",
        "6",
        "2",
      ],
      "prompt": "| id | team | status | amount |
|---|---|---|---|
| 1 | מרכז | open | 338 |
| 2 | מרכז | closed | 425 |
| 3 | צפון | open | 127 |
| 4 | דרום | open | 126 |
| 5 | צפון | closed | 67 |
| 6 | מרכז | closed | 211 |
| 7 | מרכז | open | 156 |
| 8 | מרכז | closed | 239 |

\`\`\`sql
SELECT COUNT(*) FROM tickets WHERE status = 'closed';
\`\`\`

מה התוצאה של השאילתה?",
    },
    "difficulty": 1,
    "id": "tech.sql_outcome",
  },
  {
    "content": {
      "options": [
        "צריך להתקין מחדש את חבילת ה-Redis client",
        "REDIS_URL ב-production עדיין מצביע לשרת staging (cache-stg) אבל על פורט אחר שלא פתוח שם",
        "אין קשר בין שגיאת Redis לבין קובץ הסביבה",
        "NODE_ENV=production גורם ל-Node לחסום חיבורים",
      ],
      "prompt": "האפליקציה עובדת ב-staging ונכשלת ב-production עם השגיאה \`ECONNREFUSED to redis\`. אלה קובצי הסביבה (ערכים סודיים הוסתרו):

\`\`\`
# staging
REDIS_URL=redis://cache-stg.internal:6379

# production
REDIS_URL=redis://cache-stg.internal:6380
\`\`\`

מה ההסבר הסביר ביותר?",
    },
    "difficulty": 1,
    "id": "tech.env_diff_bug",
  },
  {
    "content": {
      "options": [
        "polling כל שנייה כדי לא לפספס כלום",
        "polling כל 24 שעות — מספיק כי מדובר במלאי",
        "webhook — הספק שולח התראה ברגע שהאירוע קורה, ואין צורך לבדוק שוב ושוב",
        "ייצוא קובץ ידני פעם בשבוע",
      ],
      "prompt": "מערכת חיצונית תומכת ב-webhooks, וצריך לדעת מיד כשמזמינים מוצר כדי לעדכן מלאי בזמן אמת

מה מנגנון האינטגרציה המתאים ביותר, ומדוע?",
    },
    "difficulty": 1,
    "id": "tech.webhook_vs_polling",
  },
  {
    "content": {
      "options": [
        "לבדוק אם האתר עולה מרשת אחרת (למשל נתונים סלולריים) לפני שמניחים שהשרת נפל",
        "להפעיל מחדש את השרת מיד",
        "לבדוק את תעודת ה-TLS של האתר",
        "לפתוח קריאת שירות דחופה לצוות התשתיות",
      ],
      "prompt": "האתר לא נטען בדפדפן שלכם, אבל עמיתים אחרים מדווחים שהוא עובד להם כרגיל

מה הבדיקה הראשונה והזולה ביותר שכדאי לעשות?",
    },
    "difficulty": 1,
    "id": "tech.site_down_first_check",
  },
  {
    "content": {
      "options": [
        "לבנות שירות backend מלא לצורך העתקה בין שני גיליונות",
        "להשאיר את זה ידני כי מדובר ב"רק העתק-הדבק"",
        "סקריפט מתוזמן (scheduled script) שמעתיק את השורות החדשות אוטומטית כל יום",
        "לבקש מכל אחד בצוות להעתיק לגיליון שלו בנפרד",
      ],
      "prompt": "כל יום מישהו מעתיק ידנית עשרות שורות חדשות מגיליון Google Sheets אחד לגיליון אחר, לפי אותו כלל קבוע, בערך באותה שעה

מה צורת האוטומציה המתאימה ביותר (אם בכלל)?",
    },
    "difficulty": 1,
    "id": "tech.automation_pick",
  },
  {
    "content": {
      "options": [
        "להמיר את כולם לפורמט E.164 אחיד (למשל +972521234567) לפני שמירה, ולא רק להסיר מקפים",
        "לשמור רק את 4 הספרות האחרונות לצורך פרטיות",
        "להשאיר כל מספר בפורמט שבו הוא הוזן",
        "להסיר רק את המקפים ולהשאיר את שאר הפורמט",
      ],
      "prompt": "טור מספרי טלפון מגיע ממקורות שונים בפורמטים לא אחידים:

- \`050-1234567\`
- \`0521234567\`
- \`+972-52-9876543\`
- \`03 6001234\`

מה כלל הנרמול הנכון לפני שמירה במסד הנתונים?",
    },
    "difficulty": 1,
    "id": "tech.data_normalize",
  },
  {
    "content": {
      "options": [
        "להקטין את db-1 — הניצול שלו סביר, אין כאן בזבוז",
        "להקטין (downsize) את worker-2 — ניצול חד-ספרתי על תצורה יקרה מאוד הוא הבזבוז הגדול ביותר כאן",
        "להקטין את web-1 — הניצול שלו כבר גבוה יחסית, זה מסוכן",
      ],
      "prompt": "| שרת | תצורה | ניצול ממוצע | עלות חודשית | הערה |
|---|---|---|---|---|
| web-1 | 4 vCPU / 16GB | 72% | 900 ₪ | — |
| worker-2 | 8 vCPU / 32GB | 3% | 1800 ₪ | — |
| db-1 | 2 vCPU / 8GB | 58% | 600 ₪ | — |

רשימת השרתים למעלה מציגה ניצול ממוצע (CPU) על פני החודש האחרון. איזה שינוי חוסך הכי הרבה בלי לפגוע בפעילות?",
    },
    "difficulty": 1,
    "id": "tech.cloud_waste",
  },
  {
    "content": {
      "options": [
        "סודות (secrets) נשמרים במנהל סודות ייעודי (secrets manager) ולא בקוד",
        "חשבון ה-root מוגן ב-MFA ומשמש רק למקרי חירום, כשהעבודה השוטפת דרך חשבונות משנה",
        "דלי אחסון עם קבצי לקוחות שמוגדר כפרטי, וגישה רק דרך קישורים חתומים וזמניים",
        "חשבון מנהל אחד ("admin") שכל הצוות משתמש בו במקום חשבונות אישיים",
      ],
      "prompt": "מבין ארבע הפרקטיקות הבאות, שלוש בטוחות ואחת מסוכנת. איזו מהן מסוכנת?",
    },
    "difficulty": 1,
    "id": "tech.security_smell",
  },
  {
    "content": {
      "options": [
        "22",
        "19",
        "24",
        "18",
      ],
      "prompt": "מתוך התיעוד: "כל קריאה מחזירה עד 50 רשומות (page size). מותר עד 60 קריאות בדקה."

יש 914 רשומות למשוך.

כמה קריאות API נדרשות בסך הכול כדי למשוך את כל הרשומות?",
    },
    "difficulty": 1,
    "id": "tech.api_pagination_math",
  },
  {
    "content": {
      "options": [
        "Git מוחק אוטומטית commits ישנים יותר משבוע",
        "השינויים נמחקו כי הן לא נדחפו (push) לשרת מעולם — זו הסיבה היחידה האפשרית",
        "ה-commits היו קיימים רק ב-feature/login ומעולם לא מוזגו חזרה ל-main; מחיקת ה-branch איבדה את הגישה הרגילה אליהם",
        "merge של main לתוך feature/login מוחק תמיד את השינויים המקומיים",
      ],
      "prompt": "דנה עבדה על branch בשם feature/login, ביצעה שם כמה commits, ואז ביצעה merge של main לתוך feature/login (כדי להתעדכן). לאחר מכן היא מחקה בטעות את branch feature/login מבלי למזג אותו חזרה ל-main. השינויים שלה נעלמו.

מה קרה כאן, בסבירות הגבוהה ביותר?",
    },
    "difficulty": 2,
    "id": "tech.git_what_happened",
  },
  {
    "content": {
      "options": [
        "last_name -> FamilyName",
        "job_title -> Title",
        "phone_number -> Title",
        "first_name -> GivenName",
      ],
      "prompt": "שדות מקור (מערכת A): first_name, last_name, phone_number, job_title
שדות יעד (מערכת B): GivenName, FamilyName, Phone, Title

המיפוי המוצע בין שתי המערכות:

| שדה מקור | שדה יעד |
|---|---|
| first_name | GivenName |
| last_name | FamilyName |
| phone_number | Title |
| job_title | Title |

איזו שורה במיפוי שגויה?",
    },
    "difficulty": 1,
    "id": "tech.field_mapping_error",
  },
  {
    "cause": "a",
    "content": {
      "q1": {
        "options": [
          "ה-endpoint שגוי בהגדרות החנות",
          "השרת של גשר ה-CRM נפל ולא עלה",
          "החנות הפסיקה לשלוח webhooks",
          "ה-secret לחתימת ה-webhook הוחלף בצד החנות, והגשר עדיין מאמת עם הישן",
          "שדרוג ה-Node שבר את ניתוח ה-JSON",
        ],
        "prompt": "מה שורש הבעיה?",
      },
      "q2": {
        "options": [
          "לעשות rollback לשדרוג ה-Node",
          "לעדכן את ה-secret החדש בהגדרות הגשר ולוודא שההזמנה הבאה מתקבלת ב-200",
          "להוריד את כל ה-Logs של השבוע ולעבור עליהם לפני שנוגעים במשהו",
          "לחכות — כנראה זה ייפתר מעצמו",
        ],
        "prompt": "מה הפעולה הראשונה שלך עכשיו?",
      },
      "q3": {
        "prompt": "מה מספר ההזמנה הראשונה שנכשלה?",
      },
      "tabs": [
        {
          "body": "18:42:11  POST /webhooks/store  200  order=A-77383  sig=ok
19:05:37  POST /webhooks/store  200  order=A-77384  sig=ok
21:14:02  POST /webhooks/store  401  order=A-77385  sig=invalid
21:14:09  POST /webhooks/store  401  order=A-77385  sig=invalid (retry 1)
22:30:55  POST /webhooks/store  401  order=A-77386  sig=invalid
23:02:10  POST /webhooks/store  401  order=A-77387  sig=invalid
08:10:20  GET  /health           200",
          "key": "log",
          "label": "Logs – integration",
        },
        {
          "body": "Endpoint: https://crm-bridge.example.co.il/webhooks/store
Status: Active
Signing secret: whsec_…9b6
Last rotated: 21:02 by רועי@store.example.co.il",
          "key": "settings",
          "label": "Webhook settings (Store)",
        },
        {
          "body": "כל בקשה נושאת X-Store-Signature, HMAC-SHA256 של הגוף באמצעות ה-signing secret הנוכחי. סבב (rotation) של הסוד מבטל מיידית את הקודם.",
          "key": "docs",
          "label": "API docs – Store webhooks",
        },
        {
          "body": "2026-09-02 – שדרוג Node ל-22, ללא שינויי קונפיגורציה. יוסי: ה-health של הגשר ירוק.",
          "decoy": true,
          "key": "deploy",
          "label": "Deploy notes",
        },
      ],
      "ticket": "כרטיס תמיכה — "מאתמול בערב הזמנות מהחנות לא מגיעות ל-CRM. הלקוחות משלמים, אבל אין רשומה. דחוף."",
    },
    "id": "investigate.webhook_missing",
  },
  {
    "cause": "a",
    "content": {
      "q1": {
        "options": [
          "הסיסמאות של העובדים שלא מצליחים להתחבר פגו",
          "הדומיין החדש (example-tech.co.il) לא נמצא ברשימת הדומיינים המורשים ב-IdP",
          "יש בעיה כללית בשירות ה-SaaS עצמו",
          "השרת של ה-IdP איטי היום בגלל עומס",
        ],
        "prompt": "מה שורש הבעיה?",
      },
      "q2": {
        "options": [
          "לבקש מהעובדים לנסות להתחבר שוב כמה פעמים",
          "לאסוף רשימה של כל העובדים בחברה לפני שנוגעים בהגדרות",
          "למחוק את חשבונות המשתמשים החוסמים וליצור חדשים",
          "להוסיף את example-tech.co.il לרשימת הדומיינים המורשים ב-IdP ולוודא שהעובדים החוסמים מצליחים להתחבר",
        ],
        "prompt": "מה הפעולה הראשונה שלך עכשיו?",
      },
      "q3": {
        "prompt": "לפני כמה זמן עודכנה לאחרונה רשימת הדומיינים המורשים ב-IdP?",
      },
      "tabs": [
        {
          "body": "דנה   dana@example-tech.co.il    נכשל
יוסי   yossi@example.co.il   הצליח
מאיה   maya@example-tech.co.il    נכשל
אורי   ori@example.co.il     הצליח",
          "key": "users",
          "label": "טבלת משתמשים חוסמים",
        },
        {
          "body": "דומיינים מורשים לכניסה: example.co.il
(עודכן לאחרונה: לפני 3 חודשים)",
          "key": "idp",
          "label": "הגדרות IdP — דומיינים מורשים",
        },
        {
          "body": "יום שני 09:14  dana@example-tech.co.il  DENIED domain_not_allowed
יום שני 09:20  maya@example-tech.co.il  DENIED domain_not_allowed
יום שני 09:31  yossi@example.co.il  OK",
          "key": "errlog",
          "label": "לוג שגיאות אימות",
        },
        {
          "body": "עידו: שמתם לב שהאתר קצת איטי היום? כנראה עומס רגיל של תחילת שבוע.",
          "decoy": true,
          "key": "chat",
          "label": "צ'אט IT",
        },
      ],
      "ticket": "כרטיס תמיכה — "כמה עובדים לא מצליחים להתחבר לכלי ה-SaaS מאז יום שני. אחרים מצליחים בלי בעיה."",
    },
    "id": "investigate.sso_login_subset",
  },
  {
    "cause": "a",
    "content": {
      "q1": {
        "options": [
          "ה-API של המקור החזיר עמוד אחד בלבד",
          "טבלת המקור שונתה שם",
          "ה-cron רץ ב-22:00 UTC (לפני חצות בישראל), ומחפש CURRENT_DATE לפי UTC — בזמן שהנתונים עצמם נכתבים לפי שעון ישראל, כך שהיום עדיין לא התחיל מבחינת ה-UTC כשהשאילתה רצה",
          "שדרוג ספריית ה-PDF שבר את הדוח",
        ],
        "prompt": "מה שורש הבעיה?",
      },
      "q2": {
        "options": [
          "לתקן את השאילתה כך שתשתמש בטווח התאריכים לפי שעון ישראל ולא לפי UTC, ולוודא שהדוח הבא מכיל שורות",
          "לשאול את המנהל/ת מה לעשות",
          "להריץ את הדוח ידנית כל לילה במקום לתקן",
          "לבדוק את שדרוג ספריית ה-PDF",
        ],
        "prompt": "מה הפעולה הראשונה שלך עכשיו?",
      },
      "q3": {
        "prompt": "באיזו שעה (UTC) מתוזמן ה-cron לרוץ?",
      },
      "tabs": [
        {
          "body": "תזמון: 22:00 UTC כל יום
שאילתה: SELECT * FROM events WHERE event_date = CURRENT_DATE",
          "key": "cron",
          "label": "הגדרת cron",
        },
        {
          "body": "נתונים בטבלה כוללים חותמות זמן לפי שעון ישראל (UTC+3 בקיץ). השורות האחרונות: 2026-09-04 00:15, 2026-09-04 01:02, 2026-09-04 02:40",
          "key": "data",
          "label": "דוגמת שורות מקור",
        },
        {
          "body": "query returned 0 rows, 3 nights in a row",
          "key": "joblog",
          "label": "לוג הרצת הדוח",
        },
        {
          "body": "רועי: שדרגנו את גרסת הספרייה של ה-PDF export השבוע, נראה תקין.",
          "decoy": true,
          "key": "chat",
          "label": "צ'אט צוות",
        },
      ],
      "ticket": "כרטיס תמיכה — "הדוח היומי ריק כבר 3 ימים. אין שגיאה גלויה, פשוט 0 שורות."",
    },
    "id": "investigate.nightly_report_empty",
  },
  {
    "cause": "a",
    "content": {
      "q1": {
        "options": [
          "מישהו שינה את תעריפי הענן",
          "יש דליפת נתונים מדלי אחסון ציבורי",
          "autoscale נשאר דלוק בסביבת ה-dev מאז בדיקת עומסים לפני 3 שבועות, ויצר הרבה יותר מכונות ממה שנדרש",
          "עדכון תעודת TLS גרם לחיוב נוסף",
        ],
        "prompt": "מה שורש הבעיה?",
      },
      "q2": {
        "options": [
          "למחוק את כל סביבת ה-dev לגמרי",
          "לבקש מהספק זיכוי כספי בלי לתקן את הסיבה",
          "לחקור את חידוש תעודת ה-TLS",
          "לכבות את ה-autoscale בסביבת dev ולהחזיר אותה למספר המכונות הרגיל, ולוודא שהחיוב יורד בהתאם",
        ],
        "prompt": "מה הפעולה הראשונה שלך עכשיו?",
      },
      "q3": {
        "prompt": "כמה מכונות פעילות בסביבת ה-dev כרגע?",
      },
      "tabs": [
        {
          "body": "Compute: 2,400 ₪ (רגיל: 800 ₪)
Storage: 150 ₪
Network: 90 ₪",
          "key": "billing",
          "label": "פירוט חיוב",
        },
        {
          "body": "סביבת dev: 13 מכונות פעילות (רגיל: 2-3)
סביבת prod: 4 מכונות (רגיל)",
          "key": "instances",
          "label": "רשימת מכונות פעילות",
        },
        {
          "body": "Autoscale: ON, min=2, max=20
(הופעל לפני 3 שבועות לצורך בדיקת עומסים חד-פעמית, לא כובה בסיום)",
          "key": "autoscale",
          "label": "הגדרת autoscale — dev",
        },
        {
          "body": "עדכון תעודת TLS בוצע בהצלחה השבוע.",
          "decoy": true,
          "key": "deploy",
          "label": "לוג פעילות",
        },
      ],
      "ticket": "כרטיס תמיכה — "חשבון הענן החודש גבוה פי 3 מהרגיל. אף אחד לא זוכר לאשר שינוי כזה."",
    },
    "id": "investigate.cloud_bill_spike",
  },
  {
    "cause": "a",
    "content": {
      "q1": {
        "options": [
          "אורי משויך לקבוצה הלא נכונה במערכת",
          "הדפדפן של המשתמש איטי מדי לביצוע הייצוא",
          "יש דגל פיצ'ר (feature flag) שחוסם ייצוא לארגון הזה",
          "ל-אורי יש תפקיד Viewer שאינו כולל הרשאת export, בעוד שירה משויך ל-Analyst שכן כוללת",
        ],
        "prompt": "מה שורש הבעיה?",
      },
      "q2": {
        "options": [
          "לעבור על כל יומן ההרשאות של השנה האחרונה לפני שמתקנים",
          "לחכות — כנראה זה ייפתר מעצמו",
          "לשאול את המנהל/ת מה לעשות",
          "לשנות את התפקיד של אורי ל-Analyst (כפי שהיה אמור מלכתחילה) ולוודא שהייצוא עובד",
        ],
        "prompt": "מה הפעולה הראשונה שלך עכשיו?",
      },
      "q3": {
        "prompt": "כמה זמן עבר מאז שהמשתמש שויך לתפקיד השגוי?",
      },
      "tabs": [
        {
          "body": "Analyst: view=✔ export=✔
Viewer: view=✔ export=✘",
          "key": "roles",
          "label": "מטריצת הרשאות",
        },
        {
          "body": "אורי: role=Viewer
שירה: role=Analyst",
          "key": "users",
          "label": "רשומת משתמשים",
        },
        {
          "body": "לפני חודשיים: אורי שויך לתפקיד Viewer בטעות בזמן מיגרציה (אמור היה להיות Analyst כמו שאר הצוות)",
          "key": "auditlog",
          "label": "יומן שינויי הרשאות",
        },
        {
          "body": "שירה: הדפדפן שלי קצת איטי היום, מישהו עוד מרגיש ככה?",
          "decoy": true,
          "key": "chat",
          "label": "צ'אט תמיכה",
        },
      ],
      "ticket": "כרטיס תמיכה — "אני לא מצליח/ה לייצא דוח, אבל עמיתים בתפקיד דומה כן מצליחים."",
    },
    "id": "investigate.export_permission",
  },
  {
    "cause": "a",
    "content": {
      "q1": {
        "options": [
          "טוקן ההתחברות פג בשעה קבועה",
          "report_job שנוסף לפני שבוע משתמש באותו מפתח API כמו sync_job, וביחד הם חורגים מהמכסה היומית המשותפת אחר הצהריים",
          "יש הגבלת burst בגלל ריצה מקבילית",
          "שדרוג ה-Node גרם לתקלה",
        ],
        "prompt": "מה שורש הבעיה?",
      },
      "q2": {
        "options": [
          "לבדוק את שדרוג ה-Node",
          "להריץ שוב את sync_job ידנית בכל פעם שהוא נכשל",
          "לחכות — כנראה זה ייפתר מעצמו",
          "להפריד בין sync_job ל-report_job למפתחות API נפרדים, או לתאם ביניהם כך שלא יחרגו מהמכסה המשותפת",
        ],
        "prompt": "מה הפעולה הראשונה שלך עכשיו?",
      },
      "q3": {
        "prompt": "מה המכסה היומית של קריאות API, לפי התיעוד?",
      },
      "tabs": [
        {
          "body": "14:03  sync_job  429 quota_exceeded
14:33  sync_job  429 quota_exceeded
09:00  sync_job  200 ok",
          "key": "log",
          "label": "לוג סנכרון",
        },
        {
          "body": "מתוך התיעוד: "מכסה יומית של 5000 קריאות, משותפת לכל המפתחות (API keys) של אותו חשבון. המכסה מתאפסת בחצות UTC."",
          "key": "limitsdoc",
          "label": "תיעוד מגבלות API",
        },
        {
          "body": "sync_job: רץ כל 30 דקות
report_job: רץ כל 10 דקות (נוסף לפני שבוע, משתמש באותו מפתח API)",
          "key": "schedules",
          "label": "לוח זמנים של עבודות (jobs)",
        },
        {
          "body": "דנה: שדרגנו את גרסת ה-Node בשרת, נראה תקין.",
          "decoy": true,
          "key": "chat",
          "label": "צ'אט צוות",
        },
      ],
      "ticket": "כרטיס תמיכה — "הסנכרון עם הספק נכשל כל יום אחר הצהריים, בערך באותה שעה."",
    },
    "id": "investigate.sync_rate_limited",
  },
  {
    "cause": "a",
    "content": {
      "q1": {
        "options": [
          "עיצוב הטופס שהשתנה גרם לבעיה",
          "המשתמש לחץ פעמיים על הכפתור בכוונה",
          "הלקוח שולח שוב את הבקשה אוטומטית אחרי timeout של 3000ms בלי לבדוק אם הבקשה הראשונה בכל זאת הצליחה, ובלי מזהה ייחודי (idempotency key) שמונע כפילות בצד השרת",
          "יש שני webhooks שרשומים על אותו אירוע",
        ],
        "prompt": "מה שורש הבעיה?",
      },
      "q2": {
        "options": [
          "לחכות — כנראה זה ייפתר מעצמו",
          "להוסיף idempotency key לבקשת ההרשמה בצד הלקוח והשרת, כך שבקשה חוזרת לא תיצור רשומה כפולה",
          "לחקור את עדכון עיצוב הטופס",
          "לשאול את המנהל/ת מה לעשות",
        ],
        "prompt": "מה הפעולה הראשונה שלך עכשיו?",
      },
      "q3": {
        "prompt": "מה מזהה (id) הרשומה הכפולה השנייה בטבלה?",
      },
      "tabs": [
        {
          "body": "fetch('/api/signup', {...}).catch(() => fetch('/api/signup', {...}))
// timeout: 3000ms, ללא idempotency key",
          "key": "frontend",
          "label": "קוד צד לקוח (מקוצר)",
        },
        {
          "body": "10:02:01  POST /api/signup  email=a@x.com  (מעבד...)
10:02:04  POST /api/signup  email=a@x.com  (בקשה שנייה, אותו תוכן)
10:02:05  201 created x2",
          "key": "serverlog",
          "label": "לוג שרת",
        },
        {
          "body": "id=501 email=a@x.com created_at=10:02:01
id=502 email=a@x.com created_at=10:02:04 (זהה לחלוטין)",
          "key": "dbrows",
          "label": "שורות DB",
        },
        {
          "body": "מאיה: עדכנו את עיצוב הטופס השבוע, נראה תקין.",
          "decoy": true,
          "key": "chat",
          "label": "צ'אט צוות",
        },
      ],
      "ticket": "כרטיס תמיכה — "יש הרבה רשומות כפולות בטבלת ההרשמות מהיומיים האחרונים."",
    },
    "id": "investigate.duplicate_submissions",
  },
  {
    "cause": "a",
    "content": {
      "q1": {
        "options": [
          "כתובת השולח שגויה בתבנית המייל",
          "בדיקת האימות של הספק מראה DMARC=FAIL בגלל רשומת TXT חסרה תחת _dmarc.example-mail.co.il, לפי תיעוד הספק זה גורם לדחייה/spam לדומיינים חדשים",
          "עיצוב ה-HTML החדש בתבנית גורם לחסימה",
          "הנמענים נמצאים ברשימת ההשעיה (suppression list) של הספק",
        ],
        "prompt": "מה שורש הבעיה?",
      },
      "q2": {
        "options": [
          "להוסיף את רשומת ה-DMARC (TXT) החסרה תחת _dmarc בדומיין, ולוודא שהאימות עובר ושהמיילים מגיעים",
          "לבקש מהלקוחות לחפש בתיקיית ה-spam שלהם",
          "לחקור את עיצוב ה-HTML החדש",
          "לעבור לדומיין שליחה אחר לגמרי",
        ],
        "prompt": "מה הפעולה הראשונה שלך עכשיו?",
      },
      "q3": {
        "prompt": "תחת איזו רשומת DNS חסרה ה-TXT הנדרשת?",
      },
      "tabs": [
        {
          "body": "דומיין: example-mail.co.il
SPF: PASS
DKIM: PASS
DMARC: FAIL — רשומת TXT חסרה",
          "key": "verify",
          "label": "מסך אימות דומיין — ספק המייל",
        },
        {
          "body": "מתוך תיעוד הספק: "רשומת DMARC (TXT ב-_dmarc.<domain>) נדרשת כדי שהודעות ייחשבו מאומתות במלואן. בלעדיה, ספקי מייל רבים ידחו או יעבירו ל-spam הודעות מדומיינים חדשים, גם אם SPF ו-DKIM תקינים."",
          "key": "docs",
          "label": "תיעוד הספק",
        },
        {
          "body": "example-mail.co.il: TXT (SPF) קיים, DKIM CNAME קיים
_dmarc.example-mail.co.il: לא קיימת רשומה",
          "key": "dns",
          "label": "רשומות DNS נוכחיות",
        },
        {
          "body": "תבנית ה-HTML עודכנה השבוע לעיצוב חדש.",
          "decoy": true,
          "key": "template",
          "label": "הגדרות תבנית מייל",
        },
      ],
      "ticket": "כרטיס תמיכה — "מיילים מהדומיין החדש שלנו לא מגיעים ללקוחות, חוזרים כ-bounce."",
    },
    "id": "investigate.email_undelivered",
  },
  {
    "cause": "a",
    "content": {
      "q1": {
        "options": [
          "יש לולאת redirect חדשה שגורמת לשגיאה",
          "רשומת ה-DNS של תת-הדומיין מצביעה לשרת ישן",
          "תעודת ה-TLS של תת-הדומיין פגה כי החידוש האוטומטי כובה ידנית לפני 90 יום",
          "שרת ה-DNS עצמו נפל",
        ],
        "prompt": "מה שורש הבעיה?",
      },
      "q2": {
        "options": [
          "לבדוק את תוקף כל התעודות בכל תת-הדומיינים בחברה לפני שמחדשים את זו שבבעיה",
          "לחדש את התעודה מיד ולהפעיל מחדש את החידוש האוטומטי כדי שזה לא יקרה שוב",
          "לבקש מהמשתמשים ללחוץ 'המשך בכל זאת' בדפדפן",
          "לשאול את המנהל/ת מה לעשות",
        ],
        "prompt": "מה הפעולה הראשונה שלך עכשיו?",
      },
      "q3": {
        "prompt": "מי מנפיק התעודה?",
      },
      "tabs": [
        {
          "body": "תוקף: פג אתמול ב-03:00
מנפיק: Let's Encrypt
חידוש אוטומטי: כבוי (הוגדר ידנית לפני 90 יום)",
          "key": "cert",
          "label": "פרטי תעודה — portal.example.co.il",
        },
        {
          "body": "portal.example.co.il  A  203.0.113.10 (תקין, לא השתנה)",
          "key": "dns",
          "label": "רשומות DNS",
        },
        {
          "body": "אין כללי redirect חדשים בשבוע האחרון.",
          "decoy": true,
          "key": "proxy",
          "label": "כללי proxy",
        },
        {
          "body": "NET::ERR_CERT_DATE_INVALID — התעודה של אתר זה פגה.",
          "key": "browsererr",
          "label": "טקסט שגיאת הדפדפן",
        },
      ],
      "ticket": "כרטיס תמיכה — "מאז הבוקר, כניסה ל-portal.example.co.il מציגה שגיאת אבטחה בדפדפן."",
    },
    "id": "investigate.cert_expired_subdomain",
  },
  {
    "cause": "a",
    "content": {
      "q1": {
        "options": [
          "הסודות (credentials) של הגיבוי הוחלפו",
          "התזמון של הגיבוי השתנה ליום שלא קיים",
          "יש בעיית רשת שמונעת גיבוי",
          "דלי היעד לגיבוי מלא כמעט לגמרי (98%), כך שהגיבויים נכשלים בשקט וכותבים 0 בייטים בלי לדווח שגיאה",
        ],
        "prompt": "מה שורש הבעיה?",
      },
      "q2": {
        "options": [
          "לבדוק את הגדרת התזמון למרות שהיא לא השתנתה",
          "למחוק גיבויים ישנים בלי לבדוק אם צריך אותם",
          "להגדיל את מכסת דלי היעד (או לפנות מקום/להוסיף אחסון) ולהריץ גיבוי מחדש כדי לוודא שהוא כותב בהצלחה",
          "לעבור על כל היסטוריית הגיבויים של השנה האחרונה לפני שפועלים",
        ],
        "prompt": "מה הפעולה הראשונה שלך עכשיו?",
      },
      "q3": {
        "prompt": "כמה אחוזים מהמכסה בדלי היעד לגיבוי בשימוש?",
      },
      "tabs": [
        {
          "body": "לפני 21 יום: 4.2GB, success
לפני 14 יום: 0KB, success (!)
לפני 7 יום: 0KB, success (!)
אתמול: 0KB, success (!)",
          "key": "runs",
          "label": "היסטוריית הרצות גיבוי",
        },
        {
          "body": "נפח בשימוש: 98% מהמכסה
(המכסה לא הוגדלה מזה 6 חודשים למרות גידול בנתונים)",
          "key": "bucket",
          "label": "ניצול דלי היעד לגיבוי",
        },
        {
          "body": "אין שינוי בהרשאות הגיבוי ב-90 הימים האחרונים.",
          "key": "creds",
          "label": "יומן סודות/הרשאות",
        },
        {
          "body": "תזמון: כל יום ב-02:00, ללא שינוי.",
          "decoy": true,
          "key": "schedule",
          "label": "הגדרת תזמון",
        },
      ],
      "ticket": "כרטיס תמיכה — "בדיקת שחזור גילתה שהגיבוי התקין האחרון הוא מלפני 3 שבועות."",
    },
    "id": "investigate.backup_silently_failing",
  },
  {
    "cause": "a",
    "content": {
      "q1": {
        "options": [
          "ההזמנות פגות תוקף אחרי 7 ימים",
          "הגעתם למכסת המקומות של התוכנית (50/50); אי אפשר להוסיף עובד חדש בלי לפנות מקום או לשדרג את התוכנית",
          "יש תקלה זמנית בשירות ה-SaaS",
          "הדומיין של העובדים החדשים לא מורשה",
        ],
        "prompt": "מה שורש הבעיה?",
      },
      "q2": {
        "options": [
          "לבדוק את רשימת הדומיינים המורשית ב-SSO",
          "לדווח למי שמאשר תקציב עם נתוני הניצול (כולל 6 המשתמשים הלא פעילים) ולהציע לפנות מקומות לא בשימוש או לשדרג את התוכנית",
          "לשאול את המנהל/ת מה לעשות",
          "לבקש מהעובד החדש לחכות בלי לטפל בבעיה",
        ],
        "prompt": "מה הפעולה הראשונה שלך עכשיו?",
      },
      "q3": {
        "prompt": "כמה מקומות בשימוש מתוך הסך הכול (בפורמט X/Y)?",
      },
      "tabs": [
        {
          "body": "תוכנית: Business — 50 מקומות
בשימוש: 50 מתוך 50 (50/50)",
          "key": "plan",
          "label": "מסך תוכנית ומכסה",
        },
        {
          "body": "ERROR: seat_limit_reached — cannot invite new user, upgrade plan or free a seat",
          "key": "errlog",
          "label": "הודעת שגיאה במערכת",
        },
        {
          "body": "50 משתמשים פעילים, מתוכם 6 לא התחברו מעל 4 חודשים",
          "key": "users",
          "label": "רשימת משתמשים",
        },
        {
          "body": "יוסי: הדומיין שלנו לא ברשימה המורשית של ה-SSO, לא קשור לזה כנראה.",
          "decoy": true,
          "key": "chat",
          "label": "צ'אט IT",
        },
      ],
      "ticket": "כרטיס תמיכה — "לא מצליחים להוסיף עובדים חדשים לכלי ה-SaaS, מקבלים שגיאה."",
    },
    "id": "investigate.saas_seat_limit",
  },
  {
    "cause": "a",
    "content": {
      "q1": {
        "options": [
          "הקובץ נבחר עם קידוד Windows-1255 בעוד שהוא בפועל UTF-8, וזה מייצר תווים משובשים בעברית",
          "מיפוי השדות הפוך בין שם פרטי למשפחה",
          "עמודות הקובץ הוזזו בגלל פסיק בתוך שם",
          "דפדפן הצוות שהשתדרג גרם לבעיה",
        ],
        "prompt": "מה שורש הבעיה?",
      },
      "q2": {
        "options": [
          "לחקור את שדרוג דפדפן הצוות",
          "לבטל את הייבוא, לבחור UTF-8 כקידוד הנכון ולייבא מחדש כדי לוודא שהשמות מוצגים תקין",
          "למחוק את כל הרשומות שיובאו ולהתחיל איסוף נתונים מאפס",
          "לעבור על כל קבצי הייבוא ההיסטוריים לפני שמתקנים את הנוכחי",
        ],
        "prompt": "מה הפעולה הראשונה שלך עכשיו?",
      },
      "q3": {
        "prompt": "איזה קידוד (encoding) נבחר בטעות בהגדרות הייבוא?",
      },
      "tabs": [
        {
          "body": "קידוד קובץ שנבחר: Windows-1255
קידוד בפועל של הקובץ: UTF-8",
          "key": "importsettings",
          "label": "הגדרות ייבוא",
        },
        {
          "body": "דנה כהן
יוסי לוי
מאיה אברהם",
          "key": "sample",
          "label": "דוגמת שורות מהקובץ המקורי",
        },
        {
          "body": "×“× ×” ×›×”×Ÿ
×™×•×¡×™ ×œ×•×™
×ž×™×” ××‘×¨×”×",
          "key": "preview",
          "label": "תצוגה מקדימה אחרי ייבוא",
        },
        {
          "body": "רועי: שדרגנו את דפדפן הצוות בשבוע שעבר, לא קשור לזה.",
          "decoy": true,
          "key": "chat",
          "label": "צ'אט תמיכה",
        },
      ],
      "ticket": "כרטיס תמיכה — "אחרי הייבוא האחרון, חלק מהשמות של לקוחות מופיעים עם תווים משובשים."",
    },
    "id": "investigate.import_garbled_names",
  },
]
`;
